// Jest Snapshot v1, https://goo.gl/fbAQLP

exports[`App Testing of App.js 1`] = `
Object {
  "asFragment": [Function],
  "baseElement": <body>
    <div>
      <div
        class="header-bar"
      >
        <a
          aria-current="page"
          class="active"
          href="/"
          style="color: rgb(0, 0, 0);"
        >
          <div
            class="logo"
          >
            <img
              alt="Space Logo"
              src="planet.png"
            />
            <h1>
              Space Travelers Hub
            </h1>
          </div>
        </a>
        <nav
          class="nav-items"
        >
          <ul>
            <li
              class="list-item"
            >
              <a
                class=""
                href="/rockets"
                style="color: rgb(0, 0, 0);"
              >
                Rockets
              </a>
            </li>
            <li
              class="list-item"
            >
              <a
                class=""
                href="/missions"
                style="color: rgb(0, 0, 0);"
              >
                Missions
              </a>
            </li>
            <li
              class="list-item"
            >
              <a
                aria-current="page"
                class="active"
                href="/"
                style="color: rgb(0, 0, 0);"
              >
                My Profile
              </a>
            </li>
          </ul>
        </nav>
      </div>
      <div
        class="wrapper"
      >
        <div
          class="profile-container"
        >
          <div
            class="my-subtab"
          >
            <h3
              class="profile-heading"
            >
              My Missions
            </h3>
            <ul
              class="feature-list"
            >
              <div
                class="feature-item"
              >
                You haven't joined any Missions yet
              </div>
            </ul>
          </div>
          <div
            class="my-subtab"
          >
            <h3
              class="profile-heading"
            >
              My Rockets
            </h3>
            <ul
              class="feature-list"
            >
              <li
                class="feature-item"
              >
                not rocket yet
              </li>
            </ul>
          </div>
        </div>
      </div>
    </div>
  </body>,
  "container": <div>
    <div
      class="header-bar"
    >
      <a
        aria-current="page"
        class="active"
        href="/"
        style="color: rgb(0, 0, 0);"
      >
        <div
          class="logo"
        >
          <img
            alt="Space Logo"
            src="planet.png"
          />
          <h1>
            Space Travelers Hub
          </h1>
        </div>
      </a>
      <nav
        class="nav-items"
      >
        <ul>
          <li
            class="list-item"
          >
            <a
              class=""
              href="/rockets"
              style="color: rgb(0, 0, 0);"
            >
              Rockets
            </a>
          </li>
          <li
            class="list-item"
          >
            <a
              class=""
              href="/missions"
              style="color: rgb(0, 0, 0);"
            >
              Missions
            </a>
          </li>
          <li
            class="list-item"
          >
            <a
              aria-current="page"
              class="active"
              href="/"
              style="color: rgb(0, 0, 0);"
            >
              My Profile
            </a>
          </li>
        </ul>
      </nav>
    </div>
    <div
      class="wrapper"
    >
      <div
        class="profile-container"
      >
        <div
          class="my-subtab"
        >
          <h3
            class="profile-heading"
          >
            My Missions
          </h3>
          <ul
            class="feature-list"
          >
            <div
              class="feature-item"
            >
              You haven't joined any Missions yet
            </div>
          </ul>
        </div>
        <div
          class="my-subtab"
        >
          <h3
            class="profile-heading"
          >
            My Rockets
          </h3>
          <ul
            class="feature-list"
          >
            <li
              class="feature-item"
            >
              not rocket yet
            </li>
          </ul>
        </div>
      </div>
    </div>
  </div>,
  "debug": [Function],
  "findAllByAltText": [Function],
  "findAllByDisplayValue": [Function],
  "findAllByLabelText": [Function],
  "findAllByPlaceholderText": [Function],
  "findAllByRole": [Function],
  "findAllByTestId": [Function],
  "findAllByText": [Function],
  "findAllByTitle": [Function],
  "findByAltText": [Function],
  "findByDisplayValue": [Function],
  "findByLabelText": [Function],
  "findByPlaceholderText": [Function],
  "findByRole": [Function],
  "findByTestId": [Function],
  "findByText": [Function],
  "findByTitle": [Function],
  "getAllByAltText": [Function],
  "getAllByDisplayValue": [Function],
  "getAllByLabelText": [Function],
  "getAllByPlaceholderText": [Function],
  "getAllByRole": [Function],
  "getAllByTestId": [Function],
  "getAllByText": [Function],
  "getAllByTitle": [Function],
  "getByAltText": [Function],
  "getByDisplayValue": [Function],
  "getByLabelText": [Function],
  "getByPlaceholderText": [Function],
  "getByRole": [Function],
  "getByTestId": [Function],
  "getByText": [Function],
  "getByTitle": [Function],
  "queryAllByAltText": [Function],
  "queryAllByDisplayValue": [Function],
  "queryAllByLabelText": [Function],
  "queryAllByPlaceholderText": [Function],
  "queryAllByRole": [Function],
  "queryAllByTestId": [Function],
  "queryAllByText": [Function],
  "queryAllByTitle": [Function],
  "queryByAltText": [Function],
  "queryByDisplayValue": [Function],
  "queryByLabelText": [Function],
  "queryByPlaceholderText": [Function],
  "queryByRole": [Function],
  "queryByTestId": [Function],
  "queryByText": [Function],
  "queryByTitle": [Function],
  "rerender": [Function],
  "unmount": [Function],
}
`;
